#!/bin/bash
#SBATCH --job-name=multi_node_job
#SBATCH --time=48:00:00
#SBATCH --account=com-304
#SBATCH --qos=com-304
#SBATCH --gres=gpu:2
#SBATCH --nodes=2
#SBATCH --ntasks-per-node=1
#SBATCH --cpus-per-task=4
#SBATCH --mem=64G
#SBATCH --output=multi_node_job.out
#SBATCH --error=multi_node_job.err

# === Accept arguments ===
CONFIG_FILE=$1       # First argument
WANDB_KEY=$2        # Second argument


# === Initialization ===
set -x
cat $0
export MASTER_PORT=25678
export MASTER_ADDR=$(hostname)
export WANDB_API_KEY=$WANDB_KEY
export NCCL_DEBUG=INFO

# === Run main script ===
srun bash -c "
  TORCHRUN_ARGS=\"--node-rank=\${SLURM_PROCID} \
     --master-addr=\${MASTER_ADDR} \
     --master-port=\${MASTER_PORT} \
     --nnodes=\${SLURM_NNODES} \
     --nproc-per-node=2\"

  echo \${SLURM_PROCID}
  echo \${TORCHRUN_ARGS}
  echo \${SLURMD_NODENAME}

  torchrun \${TORCHRUN_ARGS} run_training.py \
    --config $CONFIG_FILE
"

0
--node-rank=0 --master-addr=i48 --master-port=25678 --nnodes=2 --nproc-per-node=2
i48
1
--node-rank=1 --master-addr=i48 --master-port=25678 --nnodes=2 --nproc-per-node=2
ixl01
| distributed init (rank 2): env://, gpu 0
| distributed init (rank 0): env://, gpu 0
| distributed init (rank 3): env://, gpu 1
| distributed init (rank 1): env://, gpu 1
i48:2319609:2319609 [0] NCCL INFO Bootstrap : Using eno1:10.91.27.48<0>
i48:2319609:2319609 [0] NCCL INFO NET/Plugin: No plugin found (libnccl-net.so)
i48:2319609:2319609 [0] NCCL INFO NET/Plugin: Plugin load returned 2 : libnccl-net.so: cannot open shared object file: No such file or directory : when loading libnccl-net.so
i48:2319609:2319609 [0] NCCL INFO NET/Plugin: Using internal network plugin.
i48:2319609:2319609 [0] NCCL INFO cudaDriverVersion 12020
NCCL version 2.21.5+cuda12.4
i48:2319610:2319610 [1] NCCL INFO cudaDriverVersion 12020
i48:2319610:2319610 [1] NCCL INFO Bootstrap : Using eno1:10.91.27.48<0>
i48:2319609:2319609 [0] NCCL INFO Comm config Blocking set to 1
i48:2319610:2319610 [1] NCCL INFO NET/Plugin: No plugin found (libnccl-net.so)
i48:2319610:2319610 [1] NCCL INFO NET/Plugin: Plugin load returned 2 : libnccl-net.so: cannot open shared object file: No such file or directory : when loading libnccl-net.so
i48:2319610:2319610 [1] NCCL INFO NET/Plugin: Using internal network plugin.
i48:2319610:2319610 [1] NCCL INFO Comm config Blocking set to 1
ixl01:160280:160280 [0] NCCL INFO cudaDriverVersion 12020
ixl01:160281:160281 [1] NCCL INFO cudaDriverVersion 12020
ixl01:160281:160281 [1] NCCL INFO Bootstrap : Using eno5:10.91.28.1<0>
ixl01:160280:160280 [0] NCCL INFO Bootstrap : Using eno5:10.91.28.1<0>
ixl01:160281:160281 [1] NCCL INFO NET/Plugin: No plugin found (libnccl-net.so)
ixl01:160280:160280 [0] NCCL INFO NET/Plugin: No plugin found (libnccl-net.so)
ixl01:160281:160281 [1] NCCL INFO NET/Plugin: Plugin load returned 2 : libnccl-net.so: cannot open shared object file: No such file or directory : when loading libnccl-net.so
ixl01:160280:160280 [0] NCCL INFO NET/Plugin: Plugin load returned 2 : libnccl-net.so: cannot open shared object file: No such file or directory : when loading libnccl-net.so
ixl01:160281:160281 [1] NCCL INFO NET/Plugin: Using internal network plugin.
ixl01:160280:160280 [0] NCCL INFO NET/Plugin: Using internal network plugin.
ixl01:160280:160280 [0] NCCL INFO Comm config Blocking set to 1
ixl01:160281:160281 [1] NCCL INFO Comm config Blocking set to 1
i48:2319609:2319636 [0] NCCL INFO NET/IB : Using [0]mlx5_0:1/IB [1]mlx5_1:1/IB [RO]; OOB eno1:10.91.27.48<0>
i48:2319609:2319636 [0] NCCL INFO Using non-device net plugin version 0
i48:2319609:2319636 [0] NCCL INFO Using network IB
i48:2319610:2319637 [1] NCCL INFO NET/IB : Using [0]mlx5_0:1/IB [1]mlx5_1:1/IB [RO]; OOB eno1:10.91.27.48<0>
i48:2319610:2319637 [1] NCCL INFO Using non-device net plugin version 0
i48:2319610:2319637 [1] NCCL INFO Using network IB
ixl01:160280:160315 [0] NCCL INFO NET/IB : Using [0]mlx5_0:1/IB [1]mlx5_1:1/IB [RO]; OOB eno5:10.91.28.1<0>
ixl01:160281:160314 [1] NCCL INFO NET/IB : Using [0]mlx5_0:1/IB [1]mlx5_1:1/IB [RO]; OOB eno5:10.91.28.1<0>
i48:2319610:2319637 [1] NCCL INFO ncclCommInitRank comm 0xa635ba0 rank 1 nranks 4 cudaDev 1 nvmlDev 1 busId d8000 commId 0xc18e79a0d0050bbb - Init START
i48:2319609:2319636 [0] NCCL INFO ncclCommInitRank comm 0x8a6eb60 rank 0 nranks 4 cudaDev 0 nvmlDev 0 busId 86000 commId 0xc18e79a0d0050bbb - Init START
ixl01:160280:160315 [0] NCCL INFO Using non-device net plugin version 0
ixl01:160281:160314 [1] NCCL INFO Using non-device net plugin version 0
ixl01:160281:160314 [1] NCCL INFO Using network IB
ixl01:160280:160315 [0] NCCL INFO Using network IB
i48:2319609:2319636 [0] NCCL INFO Setting affinity for GPU 0 to 300000
ixl01:160281:160314 [1] NCCL INFO ncclCommInitRank comm 0x9c11cd0 rank 3 nranks 4 cudaDev 1 nvmlDev 1 busId 3b000 commId 0xc18e79a0d0050bbb - Init START
i48:2319610:2319637 [1] NCCL INFO Setting affinity for GPU 1 to 300000
ixl01:160280:160315 [0] NCCL INFO ncclCommInitRank comm 0x8e51b40 rank 2 nranks 4 cudaDev 0 nvmlDev 0 busId 3a000 commId 0xc18e79a0d0050bbb - Init START
ixl01:160281:160314 [1] NCCL INFO Setting affinity for GPU 1 to 0f
ixl01:160280:160315 [0] NCCL INFO Setting affinity for GPU 0 to 0f
i48:2319609:2319636 [0] NCCL INFO comm 0x8a6eb60 rank 0 nRanks 4 nNodes 2 localRanks 2 localRank 0 MNNVL 0
i48:2319610:2319637 [1] NCCL INFO comm 0xa635ba0 rank 1 nRanks 4 nNodes 2 localRanks 2 localRank 1 MNNVL 0
ixl01:160280:160315 [0] NCCL INFO comm 0x8e51b40 rank 2 nRanks 4 nNodes 2 localRanks 2 localRank 0 MNNVL 0
ixl01:160281:160314 [1] NCCL INFO comm 0x9c11cd0 rank 3 nRanks 4 nNodes 2 localRanks 2 localRank 1 MNNVL 0
i48:2319610:2319637 [1] NCCL INFO Trees [0] -1/-1/-1->1->0 [1] -1/-1/-1->1->0
i48:2319610:2319637 [1] NCCL INFO P2P Chunksize set to 131072
i48:2319609:2319636 [0] NCCL INFO Channel 00/02 :    0   1   2   3
ixl01:160280:160315 [0] NCCL INFO Trees [0] 3/-1/-1->2->0 [1] 3/0/-1->2->-1
ixl01:160281:160314 [1] NCCL INFO Trees [0] -1/-1/-1->3->2 [1] -1/-1/-1->3->2
ixl01:160280:160315 [0] NCCL INFO P2P Chunksize set to 131072
ixl01:160281:160314 [1] NCCL INFO P2P Chunksize set to 131072
i48:2319609:2319636 [0] NCCL INFO Channel 01/02 :    0   1   2   3
i48:2319609:2319636 [0] NCCL INFO Trees [0] 1/2/-1->0->-1 [1] 1/-1/-1->0->2
i48:2319609:2319636 [0] NCCL INFO P2P Chunksize set to 131072
ixl01:160280:160315 [0] NCCL INFO Channel 00/0 : 1[1] -> 2[0] [receive] via NET/IB/1
ixl01:160280:160315 [0] NCCL INFO Channel 01/0 : 1[1] -> 2[0] [receive] via NET/IB/1
ixl01:160280:160315 [0] NCCL INFO Channel 00/0 : 2[0] -> 3[1] via P2P/CUMEM
ixl01:160280:160315 [0] NCCL INFO Channel 01/0 : 2[0] -> 3[1] via P2P/CUMEM
ixl01:160281:160314 [1] NCCL INFO Channel 00/0 : 3[1] -> 0[0] [send] via NET/IB/1
ixl01:160281:160314 [1] NCCL INFO Channel 01/0 : 3[1] -> 0[0] [send] via NET/IB/1
i48:2319610:2319637 [1] NCCL INFO Channel 00/0 : 1[1] -> 2[0] [send] via NET/IB/1
i48:2319609:2319636 [0] NCCL INFO Channel 00/0 : 3[1] -> 0[0] [receive] via NET/IB/1
i48:2319610:2319637 [1] NCCL INFO Channel 01/0 : 1[1] -> 2[0] [send] via NET/IB/1
i48:2319609:2319636 [0] NCCL INFO Channel 01/0 : 3[1] -> 0[0] [receive] via NET/IB/1
i48:2319609:2319636 [0] NCCL INFO Channel 00 : 0[0] -> 1[1] via SHM/direct/direct
i48:2319609:2319636 [0] NCCL INFO Channel 01 : 0[0] -> 1[1] via SHM/direct/direct
ixl01:160281:160314 [1] NCCL INFO Connected all rings
ixl01:160281:160314 [1] NCCL INFO Channel 00/0 : 3[1] -> 2[0] via P2P/CUMEM
ixl01:160280:160315 [0] NCCL INFO Connected all rings
i48:2319609:2319636 [0] NCCL INFO Connected all rings
i48:2319610:2319637 [1] NCCL INFO Connected all rings
ixl01:160281:160314 [1] NCCL INFO Channel 01/0 : 3[1] -> 2[0] via P2P/CUMEM
ixl01:160280:160315 [0] NCCL INFO Channel 00/0 : 0[0] -> 2[0] [receive] via NET/IB/1
ixl01:160280:160315 [0] NCCL INFO Channel 01/0 : 0[0] -> 2[0] [receive] via NET/IB/1
i48:2319610:2319637 [1] NCCL INFO Channel 00 : 1[1] -> 0[0] via SHM/direct/direct
ixl01:160280:160315 [0] NCCL INFO Channel 00/0 : 2[0] -> 0[0] [send] via NET/IB/1
i48:2319610:2319637 [1] NCCL INFO Channel 01 : 1[1] -> 0[0] via SHM/direct/direct
ixl01:160280:160315 [0] NCCL INFO Channel 01/0 : 2[0] -> 0[0] [send] via NET/IB/1
i48:2319609:2319636 [0] NCCL INFO Channel 00/0 : 2[0] -> 0[0] [receive] via NET/IB/1
i48:2319609:2319636 [0] NCCL INFO Channel 01/0 : 2[0] -> 0[0] [receive] via NET/IB/1
i48:2319609:2319636 [0] NCCL INFO Channel 00/0 : 0[0] -> 2[0] [send] via NET/IB/1
i48:2319609:2319636 [0] NCCL INFO Channel 01/0 : 0[0] -> 2[0] [send] via NET/IB/1
i48:2319609:2319636 [0] NCCL INFO Connected all trees
i48:2319609:2319636 [0] NCCL INFO threadThresholds 8/8/64 | 32/8/64 | 512 | 512
i48:2319610:2319637 [1] NCCL INFO Connected all trees
i48:2319609:2319636 [0] NCCL INFO 2 coll channels, 2 collnet channels, 0 nvls channels, 2 p2p channels, 2 p2p channels per peer
ixl01:160280:160315 [0] NCCL INFO Connected all trees
ixl01:160281:160314 [1] NCCL INFO Connected all trees
ixl01:160280:160315 [0] NCCL INFO threadThresholds 8/8/64 | 32/8/64 | 512 | 512
ixl01:160281:160314 [1] NCCL INFO threadThresholds 8/8/64 | 32/8/64 | 512 | 512
ixl01:160280:160315 [0] NCCL INFO 2 coll channels, 2 collnet channels, 0 nvls channels, 2 p2p channels, 2 p2p channels per peer
ixl01:160281:160314 [1] NCCL INFO 2 coll channels, 2 collnet channels, 0 nvls channels, 2 p2p channels, 2 p2p channels per peer
i48:2319610:2319637 [1] NCCL INFO threadThresholds 8/8/64 | 32/8/64 | 512 | 512
i48:2319610:2319637 [1] NCCL INFO 2 coll channels, 2 collnet channels, 0 nvls channels, 2 p2p channels, 2 p2p channels per peer
ixl01:160281:160314 [1] NCCL INFO TUNER/Plugin: Plugin load returned 2 : libnccl-net.so: cannot open shared object file: No such file or directory : when loading libnccl-tuner.so
ixl01:160281:160314 [1] NCCL INFO TUNER/Plugin: Using internal tuner plugin.
ixl01:160280:160315 [0] NCCL INFO TUNER/Plugin: Plugin load returned 2 : libnccl-net.so: cannot open shared object file: No such file or directory : when loading libnccl-tuner.so
ixl01:160280:160315 [0] NCCL INFO TUNER/Plugin: Using internal tuner plugin.
ixl01:160281:160314 [1] NCCL INFO ncclCommInitRank comm 0x9c11cd0 rank 3 nranks 4 cudaDev 1 nvmlDev 1 busId 3b000 commId 0xc18e79a0d0050bbb - Init COMPLETE
ixl01:160280:160315 [0] NCCL INFO ncclCommInitRank comm 0x8e51b40 rank 2 nranks 4 cudaDev 0 nvmlDev 0 busId 3a000 commId 0xc18e79a0d0050bbb - Init COMPLETE
i48:2319609:2319636 [0] NCCL INFO TUNER/Plugin: Plugin load returned 2 : libnccl-net.so: cannot open shared object file: No such file or directory : when loading libnccl-tuner.so
i48:2319609:2319636 [0] NCCL INFO TUNER/Plugin: Using internal tuner plugin.
i48:2319609:2319636 [0] NCCL INFO ncclCommInitRank comm 0x8a6eb60 rank 0 nranks 4 cudaDev 0 nvmlDev 0 busId 86000 commId 0xc18e79a0d0050bbb - Init COMPLETE
i48:2319610:2319637 [1] NCCL INFO TUNER/Plugin: Plugin load returned 2 : libnccl-net.so: cannot open shared object file: No such file or directory : when loading libnccl-tuner.so
i48:2319610:2319637 [1] NCCL INFO TUNER/Plugin: Using internal tuner plugin.
i48:2319610:2319637 [1] NCCL INFO ncclCommInitRank comm 0xa635ba0 rank 1 nranks 4 cudaDev 1 nvmlDev 1 busId d8000 commId 0xc18e79a0d0050bbb - Init COMPLETE
Logging to wandb project COM304_adni, entity heeyounlee08, run name train_adni
Namespace(run_name='adni/train_adni', model_config={'_target_': 'nanofm.models.adni_classifier.AdniClassifier', 'dim': 512, 'depth': 8, 'head_dim': 64, 'mlp_ratio': 4, 'num_classes': 3}, train_loader_config={'_target_': 'torch.utils.data.DataLoader', 'dataset': {'_target_': 'nanofm.data.adni.adni_longitudinal_dataset.AdniLongitudinalDataset', 'adas_csv': '/work/com-304/adni/adas13.csv', 'mri_meta_csv': '/work/com-304/adni/meta_MRI_images.csv', 'pet_meta_csv': '/work/com-304/adni/meta_PET_images.csv', 'mri_root': '/work/com-304/adni/cosmos_mri_tokens', 'pet_root': '/work/com-304/adni/pet_cosmos_tokens', 'apoe_map': {'2/2': 0, '2/3': 1, '2/4': 2, '3/3': 3, '3/4': 4, '4/4': 5}, 'label_map': {'1.0': 0, '2.0': 1, '3.0': 2}, 'split': 'train', 'val_frac': 0.2, 'seed': 42}, 'batch_size': 4, 'shuffle': True, 'num_workers': 8, 'pin_memory': True, 'collate_fn': {'_target_': 'nanofm.data.adni.collate_fn.adni_collate_fn', '_partial_': True}}, eval_loader_config={'_target_': 'torch.utils.data.DataLoader', 'dataset': {'_target_': 'nanofm.data.adni.adni_longitudinal_dataset.AdniLongitudinalDataset', 'adas_csv': '/work/com-304/adni/adas13.csv', 'mri_meta_csv': '/work/com-304/adni/meta_MRI_images.csv', 'pet_meta_csv': '/work/com-304/adni/meta_PET_images.csv', 'mri_root': '/work/com-304/adni/cosmos_mri_tokens', 'pet_root': '/work/com-304/adni/pet_preprocessed', 'apoe_map': {'2/2': 0, '2/3': 1, '2/4': 2, '3/3': 3, '3/4': 4, '4/4': 5}, 'label_map': {'1.0': 0, '2.0': 1, '3.0': 2}, 'split': 'val', 'val_frac': 0.2, 'seed': 42}, 'batch_size': 4, 'shuffle': False, 'num_workers': 8, 'pin_memory': True, 'collate_fn': {'_target_': 'nanofm.data.adni.collate_fn.adni_collate_fn', '_partial_': True}}, batch_size=4, total_tokens=35, warmup_tokens=0.7, num_tokens_per_sample=512, dtype='fp16', seed=0, opt_eps=1e-08, opt_betas=[0.9, 0.95], lr=0.0001, min_lr=1e-05, weight_decay=0.01, clip_grad=1.0, eval_freq=0.5, save_ckpt_freq=2, output_dir='./outputs/adni/train_adni', resume='', start_iteration=0, auto_resume=True, device='cuda', find_unused_params=False, dist_url='env://', log_wandb=True, wandb_project='COM304_adni', wandb_entity='heeyounlee08', wandb_run_name='train_adni', global_vars={'batch_size': 4, 'num_tokens_per_sample': 512}, config_path='cfgs/adni/train_adni.yaml', rank=0, world_size=4, gpu=0, distributed=True, dist_backend='nccl')
Model = AdniClassifier(
  (enc_tok_emb): Embedding(64107, 512)
  (enc_mod_emb): Embedding(4, 512)
  (encoder): TransformerTrunk(
    (blocks): ModuleList(
      (0-7): 8 x Block(
        (norm1): LayerNorm()
        (attn): Attention(
          (qkv): Linear(in_features=512, out_features=1536, bias=False)
          (attn_out_proj): Linear(in_features=512, out_features=512, bias=False)
        )
        (norm2): LayerNorm()
        (mlp): Mlp(
          (layer1): Linear(in_features=512, out_features=2048, bias=False)
          (activation): GELU(approximate='none')
          (layer2): Linear(in_features=2048, out_features=512, bias=False)
        )
      )
    )
  )
  (classifier): Sequential(
    (0): LayerNorm()
    (1): Linear(in_features=512, out_features=256, bias=True)
    (2): GELU(approximate='none')
    (3): Linear(in_features=256, out_features=3, bias=True)
  )
)
Number of params: 58.394627 M
Total tokens: 35M
Total iters: 4273
Warmup tokens: 0.7M
Warmup iters: 86
Eval freq: every 62 iterations
Save ckpt freq: every 245 iterations
Batch size per GPU = 4
Total (effective) batch size = 16
LR = 0.00010000
Min LR = 0.00001000
Param groups = {
  "decay": {
    "weight_decay": 0.01,
    "params": [
      "pos_emb",
      "enc_tok_emb.weight",
      "enc_mod_emb.weight",
      "encoder.blocks.0.attn.qkv.weight",
      "encoder.blocks.0.attn.attn_out_proj.weight",
      "encoder.blocks.0.mlp.layer1.weight",
      "encoder.blocks.0.mlp.layer2.weight",
      "encoder.blocks.1.attn.qkv.weight",
      "encoder.blocks.1.attn.attn_out_proj.weight",
      "encoder.blocks.1.mlp.layer1.weight",
      "encoder.blocks.1.mlp.layer2.weight",
      "encoder.blocks.2.attn.qkv.weight",
      "encoder.blocks.2.attn.attn_out_proj.weight",
      "encoder.blocks.2.mlp.layer1.weight",
      "encoder.blocks.2.mlp.layer2.weight",
      "encoder.blocks.3.attn.qkv.weight",
      "encoder.blocks.3.attn.attn_out_proj.weight",
      "encoder.blocks.3.mlp.layer1.weight",
      "encoder.blocks.3.mlp.layer2.weight",
      "encoder.blocks.4.attn.qkv.weight",
      "encoder.blocks.4.attn.attn_out_proj.weight",
      "encoder.blocks.4.mlp.layer1.weight",
      "encoder.blocks.4.mlp.layer2.weight",
      "encoder.blocks.5.attn.qkv.weight",
      "encoder.blocks.5.attn.attn_out_proj.weight",
      "encoder.blocks.5.mlp.layer1.weight",
      "encoder.blocks.5.mlp.layer2.weight",
      "encoder.blocks.6.attn.qkv.weight",
      "encoder.blocks.6.attn.attn_out_proj.weight",
      "encoder.blocks.6.mlp.layer1.weight",
      "encoder.blocks.6.mlp.layer2.weight",
      "encoder.blocks.7.attn.qkv.weight",
      "encoder.blocks.7.attn.attn_out_proj.weight",
      "encoder.blocks.7.mlp.layer1.weight",
      "encoder.blocks.7.mlp.layer2.weight",
      "classifier.0.weight",
      "classifier.1.weight",
      "classifier.3.weight"
    ]
  },
  "no_decay": {
    "weight_decay": 0.0,
    "params": [
      "encoder.blocks.0.norm1.weight",
      "encoder.blocks.0.norm2.weight",
      "encoder.blocks.1.norm1.weight",
      "encoder.blocks.1.norm2.weight",
      "encoder.blocks.2.norm1.weight",
      "encoder.blocks.2.norm2.weight",
      "encoder.blocks.3.norm1.weight",
      "encoder.blocks.3.norm2.weight",
      "encoder.blocks.4.norm1.weight",
      "encoder.blocks.4.norm2.weight",
      "encoder.blocks.5.norm1.weight",
      "encoder.blocks.5.norm2.weight",
      "encoder.blocks.6.norm1.weight",
      "encoder.blocks.6.norm2.weight",
      "encoder.blocks.7.norm1.weight",
      "encoder.blocks.7.norm2.weight",
      "classifier.1.bias",
      "classifier.3.bias"
    ]
  }
}
optimizer settings: {'lr': 0.0001, 'weight_decay': 0.0, 'eps': 1e-08, 'betas': [0.9, 0.95]}
Set warmup iters = 86
Start training for 35M tokens = 4273 iterations
i48:2319610:2319642 [1] NCCL INFO [Service thread] Connection closed by localRank 1
i48:2319610:2319853 [1] NCCL INFO comm 0xa635ba0 rank 1 nranks 4 cudaDev 1 busId d8000 - Abort COMPLETE
